// Jest Snapshot v1, https://goo.gl/fbAQLP

exports[`AppPrefectures コンポーネントのテスト レンダリング結果のスナップショットテスト 1`] = `
<div
  class="prefecture"
>
  <div
    class="prefecture_container"
  >
    <h2
      class="prefecture_heading"
    >
      都道府県
    </h2>
     
    <ul
      class="prefecture_list"
    >
      <li
        class="prefecture_item"
      >
        <label>
          <input
            name="北海道"
            type="checkbox"
            value="1"
          />
          
          北海道
        
        </label>
      </li>
      <li
        class="prefecture_item"
      >
        <label>
          <input
            name="青森県"
            type="checkbox"
            value="2"
          />
          
          青森県
        
        </label>
      </li>
      <li
        class="prefecture_item"
      >
        <label>
          <input
            name="岩手県"
            type="checkbox"
            value="3"
          />
          
          岩手県
        
        </label>
      </li>
      <li
        class="prefecture_item"
      >
        <label>
          <input
            name="宮城県"
            type="checkbox"
            value="4"
          />
          
          宮城県
        
        </label>
      </li>
      <li
        class="prefecture_item"
      >
        <label>
          <input
            name="秋田県"
            type="checkbox"
            value="5"
          />
          
          秋田県
        
        </label>
      </li>
      <li
        class="prefecture_item"
      >
        <label>
          <input
            name="山形県"
            type="checkbox"
            value="6"
          />
          
          山形県
        
        </label>
      </li>
      <li
        class="prefecture_item"
      >
        <label>
          <input
            name="福島県"
            type="checkbox"
            value="7"
          />
          
          福島県
        
        </label>
      </li>
      <li
        class="prefecture_item"
      >
        <label>
          <input
            name="茨城県"
            type="checkbox"
            value="8"
          />
          
          茨城県
        
        </label>
      </li>
      <li
        class="prefecture_item"
      >
        <label>
          <input
            name="栃木県"
            type="checkbox"
            value="9"
          />
          
          栃木県
        
        </label>
      </li>
      <li
        class="prefecture_item"
      >
        <label>
          <input
            name="群馬県"
            type="checkbox"
            value="10"
          />
          
          群馬県
        
        </label>
      </li>
      <li
        class="prefecture_item"
      >
        <label>
          <input
            name="埼玉県"
            type="checkbox"
            value="11"
          />
          
          埼玉県
        
        </label>
      </li>
      <li
        class="prefecture_item"
      >
        <label>
          <input
            name="千葉県"
            type="checkbox"
            value="12"
          />
          
          千葉県
        
        </label>
      </li>
      <li
        class="prefecture_item"
      >
        <label>
          <input
            name="東京都"
            type="checkbox"
            value="13"
          />
          
          東京都
        
        </label>
      </li>
      <li
        class="prefecture_item"
      >
        <label>
          <input
            name="神奈川県"
            type="checkbox"
            value="14"
          />
          
          神奈川県
        
        </label>
      </li>
      <li
        class="prefecture_item"
      >
        <label>
          <input
            name="新潟県"
            type="checkbox"
            value="15"
          />
          
          新潟県
        
        </label>
      </li>
      <li
        class="prefecture_item"
      >
        <label>
          <input
            name="富山県"
            type="checkbox"
            value="16"
          />
          
          富山県
        
        </label>
      </li>
      <li
        class="prefecture_item"
      >
        <label>
          <input
            name="石川県"
            type="checkbox"
            value="17"
          />
          
          石川県
        
        </label>
      </li>
      <li
        class="prefecture_item"
      >
        <label>
          <input
            name="福井県"
            type="checkbox"
            value="18"
          />
          
          福井県
        
        </label>
      </li>
      <li
        class="prefecture_item"
      >
        <label>
          <input
            name="山梨県"
            type="checkbox"
            value="19"
          />
          
          山梨県
        
        </label>
      </li>
      <li
        class="prefecture_item"
      >
        <label>
          <input
            name="長野県"
            type="checkbox"
            value="20"
          />
          
          長野県
        
        </label>
      </li>
      <li
        class="prefecture_item"
      >
        <label>
          <input
            name="岐阜県"
            type="checkbox"
            value="21"
          />
          
          岐阜県
        
        </label>
      </li>
      <li
        class="prefecture_item"
      >
        <label>
          <input
            name="静岡県"
            type="checkbox"
            value="22"
          />
          
          静岡県
        
        </label>
      </li>
      <li
        class="prefecture_item"
      >
        <label>
          <input
            name="愛知県"
            type="checkbox"
            value="23"
          />
          
          愛知県
        
        </label>
      </li>
      <li
        class="prefecture_item"
      >
        <label>
          <input
            name="三重県"
            type="checkbox"
            value="24"
          />
          
          三重県
        
        </label>
      </li>
      <li
        class="prefecture_item"
      >
        <label>
          <input
            name="滋賀県"
            type="checkbox"
            value="25"
          />
          
          滋賀県
        
        </label>
      </li>
      <li
        class="prefecture_item"
      >
        <label>
          <input
            name="京都府"
            type="checkbox"
            value="26"
          />
          
          京都府
        
        </label>
      </li>
      <li
        class="prefecture_item"
      >
        <label>
          <input
            name="大阪府"
            type="checkbox"
            value="27"
          />
          
          大阪府
        
        </label>
      </li>
      <li
        class="prefecture_item"
      >
        <label>
          <input
            name="兵庫県"
            type="checkbox"
            value="28"
          />
          
          兵庫県
        
        </label>
      </li>
      <li
        class="prefecture_item"
      >
        <label>
          <input
            name="奈良県"
            type="checkbox"
            value="29"
          />
          
          奈良県
        
        </label>
      </li>
      <li
        class="prefecture_item"
      >
        <label>
          <input
            name="和歌山県"
            type="checkbox"
            value="30"
          />
          
          和歌山県
        
        </label>
      </li>
      <li
        class="prefecture_item"
      >
        <label>
          <input
            name="鳥取県"
            type="checkbox"
            value="31"
          />
          
          鳥取県
        
        </label>
      </li>
      <li
        class="prefecture_item"
      >
        <label>
          <input
            name="島根県"
            type="checkbox"
            value="32"
          />
          
          島根県
        
        </label>
      </li>
      <li
        class="prefecture_item"
      >
        <label>
          <input
            name="岡山県"
            type="checkbox"
            value="33"
          />
          
          岡山県
        
        </label>
      </li>
      <li
        class="prefecture_item"
      >
        <label>
          <input
            name="広島県"
            type="checkbox"
            value="34"
          />
          
          広島県
        
        </label>
      </li>
      <li
        class="prefecture_item"
      >
        <label>
          <input
            name="山口県"
            type="checkbox"
            value="35"
          />
          
          山口県
        
        </label>
      </li>
      <li
        class="prefecture_item"
      >
        <label>
          <input
            name="徳島県"
            type="checkbox"
            value="36"
          />
          
          徳島県
        
        </label>
      </li>
      <li
        class="prefecture_item"
      >
        <label>
          <input
            name="香川県"
            type="checkbox"
            value="37"
          />
          
          香川県
        
        </label>
      </li>
      <li
        class="prefecture_item"
      >
        <label>
          <input
            name="愛媛県"
            type="checkbox"
            value="38"
          />
          
          愛媛県
        
        </label>
      </li>
      <li
        class="prefecture_item"
      >
        <label>
          <input
            name="高知県"
            type="checkbox"
            value="39"
          />
          
          高知県
        
        </label>
      </li>
      <li
        class="prefecture_item"
      >
        <label>
          <input
            name="福岡県"
            type="checkbox"
            value="40"
          />
          
          福岡県
        
        </label>
      </li>
      <li
        class="prefecture_item"
      >
        <label>
          <input
            name="佐賀県"
            type="checkbox"
            value="41"
          />
          
          佐賀県
        
        </label>
      </li>
      <li
        class="prefecture_item"
      >
        <label>
          <input
            name="長崎県"
            type="checkbox"
            value="42"
          />
          
          長崎県
        
        </label>
      </li>
      <li
        class="prefecture_item"
      >
        <label>
          <input
            name="熊本県"
            type="checkbox"
            value="43"
          />
          
          熊本県
        
        </label>
      </li>
      <li
        class="prefecture_item"
      >
        <label>
          <input
            name="大分県"
            type="checkbox"
            value="44"
          />
          
          大分県
        
        </label>
      </li>
      <li
        class="prefecture_item"
      >
        <label>
          <input
            name="宮崎県"
            type="checkbox"
            value="45"
          />
          
          宮崎県
        
        </label>
      </li>
      <li
        class="prefecture_item"
      >
        <label>
          <input
            name="鹿児島県"
            type="checkbox"
            value="46"
          />
          
          鹿児島県
        
        </label>
      </li>
      <li
        class="prefecture_item"
      >
        <label>
          <input
            name="沖縄県"
            type="checkbox"
            value="47"
          />
          
          沖縄県
        
        </label>
      </li>
    </ul>
  </div>
</div>
`;
